[0m[1mdata.azuread_client_config.current: Reading...[0m[0m
[0m[1mdata.azuread_client_config.current: Read complete after 0s [id=55fca982-2372-4352-8b7e-c28ac00ae8e3-04b07795-8ddb-461a-bbee-02f9e1bf7b46-95f2a05e-553b-440c-8741-c05e57dfe070][0m

Terraform used the selected providers to generate the following execution
plan. Resource actions are indicated with the following symbols:
  [32m+[0m create[0m

Terraform will perform the following actions:

[1m  # azuread_group.learners[0m will be created
[0m  [32m+[0m[0m resource "azuread_group" "learners" {
      [32m+[0m[0m auto_subscribe_new_members     = (known after apply)
      [32m+[0m[0m display_name                   = "Data2AI-Learners"
      [32m+[0m[0m external_senders_allowed       = (known after apply)
      [32m+[0m[0m hide_from_address_lists        = (known after apply)
      [32m+[0m[0m hide_from_outlook_clients      = (known after apply)
      [32m+[0m[0m id                             = (known after apply)
      [32m+[0m[0m mail                           = (known after apply)
      [32m+[0m[0m mail_nickname                  = (known after apply)
      [32m+[0m[0m members                        = (known after apply)
      [32m+[0m[0m object_id                      = (known after apply)
      [32m+[0m[0m onpremises_domain_name         = (known after apply)
      [32m+[0m[0m onpremises_group_type          = (known after apply)
      [32m+[0m[0m onpremises_netbios_name        = (known after apply)
      [32m+[0m[0m onpremises_sam_account_name    = (known after apply)
      [32m+[0m[0m onpremises_security_identifier = (known after apply)
      [32m+[0m[0m onpremises_sync_enabled        = (known after apply)
      [32m+[0m[0m owners                         = [
          [32m+[0m[0m "95f2a05e-553b-440c-8741-c05e57dfe070",
        ]
      [32m+[0m[0m preferred_language             = (known after apply)
      [32m+[0m[0m prevent_duplicate_names        = false
      [32m+[0m[0m proxy_addresses                = (known after apply)
      [32m+[0m[0m security_enabled               = true
      [32m+[0m[0m visibility                     = (known after apply)
      [32m+[0m[0m writeback_enabled              = false
    }

[1m  # azuread_user.learners["APP01"][0m will be created
[0m  [32m+[0m[0m resource "azuread_user" "learners" {
      [32m+[0m[0m about_me                       = (known after apply)
      [32m+[0m[0m account_enabled                = true
      [32m+[0m[0m business_phones                = (known after apply)
      [32m+[0m[0m creation_type                  = (known after apply)
      [32m+[0m[0m disable_password_expiration    = false
      [32m+[0m[0m disable_strong_password        = false
      [32m+[0m[0m display_name                   = "Apprenant 01"
      [32m+[0m[0m external_user_state            = (known after apply)
      [32m+[0m[0m force_password_change          = false
      [32m+[0m[0m id                             = (known after apply)
      [32m+[0m[0m im_addresses                   = (known after apply)
      [32m+[0m[0m mail                           = (known after apply)
      [32m+[0m[0m mail_nickname                  = (known after apply)
      [32m+[0m[0m object_id                      = (known after apply)
      [32m+[0m[0m onpremises_distinguished_name  = (known after apply)
      [32m+[0m[0m onpremises_domain_name         = (known after apply)
      [32m+[0m[0m onpremises_immutable_id        = (known after apply)
      [32m+[0m[0m onpremises_sam_account_name    = (known after apply)
      [32m+[0m[0m onpremises_security_identifier = (known after apply)
      [32m+[0m[0m onpremises_sync_enabled        = (known after apply)
      [32m+[0m[0m onpremises_user_principal_name = (known after apply)
      [32m+[0m[0m password                       = (sensitive value)
      [32m+[0m[0m proxy_addresses                = (known after apply)
      [32m+[0m[0m show_in_address_list           = true
      [32m+[0m[0m user_principal_name            = "apprenant01@mokhtarsellamigmail.onmicrosoft.com"
      [32m+[0m[0m user_type                      = (known after apply)
    }

[1m  # azuread_user.learners["APP02"][0m will be created
[0m  [32m+[0m[0m resource "azuread_user" "learners" {
      [32m+[0m[0m about_me                       = (known after apply)
      [32m+[0m[0m account_enabled                = true
      [32m+[0m[0m business_phones                = (known after apply)
      [32m+[0m[0m creation_type                  = (known after apply)
      [32m+[0m[0m disable_password_expiration    = false
      [32m+[0m[0m disable_strong_password        = false
      [32m+[0m[0m display_name                   = "Apprenant 02"
      [32m+[0m[0m external_user_state            = (known after apply)
      [32m+[0m[0m force_password_change          = false
      [32m+[0m[0m id                             = (known after apply)
      [32m+[0m[0m im_addresses                   = (known after apply)
      [32m+[0m[0m mail                           = (known after apply)
      [32m+[0m[0m mail_nickname                  = (known after apply)
      [32m+[0m[0m object_id                      = (known after apply)
      [32m+[0m[0m onpremises_distinguished_name  = (known after apply)
      [32m+[0m[0m onpremises_domain_name         = (known after apply)
      [32m+[0m[0m onpremises_immutable_id        = (known after apply)
      [32m+[0m[0m onpremises_sam_account_name    = (known after apply)
      [32m+[0m[0m onpremises_security_identifier = (known after apply)
      [32m+[0m[0m onpremises_sync_enabled        = (known after apply)
      [32m+[0m[0m onpremises_user_principal_name = (known after apply)
      [32m+[0m[0m password                       = (sensitive value)
      [32m+[0m[0m proxy_addresses                = (known after apply)
      [32m+[0m[0m show_in_address_list           = true
      [32m+[0m[0m user_principal_name            = "apprenant02@mokhtarsellamigmail.onmicrosoft.com"
      [32m+[0m[0m user_type                      = (known after apply)
    }

[1m  # azuread_user.learners["APP03"][0m will be created
[0m  [32m+[0m[0m resource "azuread_user" "learners" {
      [32m+[0m[0m about_me                       = (known after apply)
      [32m+[0m[0m account_enabled                = true
      [32m+[0m[0m business_phones                = (known after apply)
      [32m+[0m[0m creation_type                  = (known after apply)
      [32m+[0m[0m disable_password_expiration    = false
      [32m+[0m[0m disable_strong_password        = false
      [32m+[0m[0m display_name                   = "Apprenant 03"
      [32m+[0m[0m external_user_state            = (known after apply)
      [32m+[0m[0m force_password_change          = false
      [32m+[0m[0m id                             = (known after apply)
      [32m+[0m[0m im_addresses                   = (known after apply)
      [32m+[0m[0m mail                           = (known after apply)
      [32m+[0m[0m mail_nickname                  = (known after apply)
      [32m+[0m[0m object_id                      = (known after apply)
      [32m+[0m[0m onpremises_distinguished_name  = (known after apply)
      [32m+[0m[0m onpremises_domain_name         = (known after apply)
      [32m+[0m[0m onpremises_immutable_id        = (known after apply)
      [32m+[0m[0m onpremises_sam_account_name    = (known after apply)
      [32m+[0m[0m onpremises_security_identifier = (known after apply)
      [32m+[0m[0m onpremises_sync_enabled        = (known after apply)
      [32m+[0m[0m onpremises_user_principal_name = (known after apply)
      [32m+[0m[0m password                       = (sensitive value)
      [32m+[0m[0m proxy_addresses                = (known after apply)
      [32m+[0m[0m show_in_address_list           = true
      [32m+[0m[0m user_principal_name            = "apprenant03@mokhtarsellamigmail.onmicrosoft.com"
      [32m+[0m[0m user_type                      = (known after apply)
    }

[1m  # azuread_user.learners["APP04"][0m will be created
[0m  [32m+[0m[0m resource "azuread_user" "learners" {
      [32m+[0m[0m about_me                       = (known after apply)
      [32m+[0m[0m account_enabled                = true
      [32m+[0m[0m business_phones                = (known after apply)
      [32m+[0m[0m creation_type                  = (known after apply)
      [32m+[0m[0m disable_password_expiration    = false
      [32m+[0m[0m disable_strong_password        = false
      [32m+[0m[0m display_name                   = "Apprenant 04"
      [32m+[0m[0m external_user_state            = (known after apply)
      [32m+[0m[0m force_password_change          = false
      [32m+[0m[0m id                             = (known after apply)
      [32m+[0m[0m im_addresses                   = (known after apply)
      [32m+[0m[0m mail                           = (known after apply)
      [32m+[0m[0m mail_nickname                  = (known after apply)
      [32m+[0m[0m object_id                      = (known after apply)
      [32m+[0m[0m onpremises_distinguished_name  = (known after apply)
      [32m+[0m[0m onpremises_domain_name         = (known after apply)
      [32m+[0m[0m onpremises_immutable_id        = (known after apply)
      [32m+[0m[0m onpremises_sam_account_name    = (known after apply)
      [32m+[0m[0m onpremises_security_identifier = (known after apply)
      [32m+[0m[0m onpremises_sync_enabled        = (known after apply)
      [32m+[0m[0m onpremises_user_principal_name = (known after apply)
      [32m+[0m[0m password                       = (sensitive value)
      [32m+[0m[0m proxy_addresses                = (known after apply)
      [32m+[0m[0m show_in_address_list           = true
      [32m+[0m[0m user_principal_name            = "apprenant04@mokhtarsellamigmail.onmicrosoft.com"
      [32m+[0m[0m user_type                      = (known after apply)
    }

[1m  # azuread_user.learners["APP05"][0m will be created
[0m  [32m+[0m[0m resource "azuread_user" "learners" {
      [32m+[0m[0m about_me                       = (known after apply)
      [32m+[0m[0m account_enabled                = true
      [32m+[0m[0m business_phones                = (known after apply)
      [32m+[0m[0m creation_type                  = (known after apply)
      [32m+[0m[0m disable_password_expiration    = false
      [32m+[0m[0m disable_strong_password        = false
      [32m+[0m[0m display_name                   = "Apprenant 05"
      [32m+[0m[0m external_user_state            = (known after apply)
      [32m+[0m[0m force_password_change          = false
      [32m+[0m[0m id                             = (known after apply)
      [32m+[0m[0m im_addresses                   = (known after apply)
      [32m+[0m[0m mail                           = (known after apply)
      [32m+[0m[0m mail_nickname                  = (known after apply)
      [32m+[0m[0m object_id                      = (known after apply)
      [32m+[0m[0m onpremises_distinguished_name  = (known after apply)
      [32m+[0m[0m onpremises_domain_name         = (known after apply)
      [32m+[0m[0m onpremises_immutable_id        = (known after apply)
      [32m+[0m[0m onpremises_sam_account_name    = (known after apply)
      [32m+[0m[0m onpremises_security_identifier = (known after apply)
      [32m+[0m[0m onpremises_sync_enabled        = (known after apply)
      [32m+[0m[0m onpremises_user_principal_name = (known after apply)
      [32m+[0m[0m password                       = (sensitive value)
      [32m+[0m[0m proxy_addresses                = (known after apply)
      [32m+[0m[0m show_in_address_list           = true
      [32m+[0m[0m user_principal_name            = "apprenant05@mokhtarsellamigmail.onmicrosoft.com"
      [32m+[0m[0m user_type                      = (known after apply)
    }

[1m  # azuread_user.learners["APP06"][0m will be created
[0m  [32m+[0m[0m resource "azuread_user" "learners" {
      [32m+[0m[0m about_me                       = (known after apply)
      [32m+[0m[0m account_enabled                = true
      [32m+[0m[0m business_phones                = (known after apply)
      [32m+[0m[0m creation_type                  = (known after apply)
      [32m+[0m[0m disable_password_expiration    = false
      [32m+[0m[0m disable_strong_password        = false
      [32m+[0m[0m display_name                   = "Apprenant 06"
      [32m+[0m[0m external_user_state            = (known after apply)
      [32m+[0m[0m force_password_change          = false
      [32m+[0m[0m id                             = (known after apply)
      [32m+[0m[0m im_addresses                   = (known after apply)
      [32m+[0m[0m mail                           = (known after apply)
      [32m+[0m[0m mail_nickname                  = (known after apply)
      [32m+[0m[0m object_id                      = (known after apply)
      [32m+[0m[0m onpremises_distinguished_name  = (known after apply)
      [32m+[0m[0m onpremises_domain_name         = (known after apply)
      [32m+[0m[0m onpremises_immutable_id        = (known after apply)
      [32m+[0m[0m onpremises_sam_account_name    = (known after apply)
      [32m+[0m[0m onpremises_security_identifier = (known after apply)
      [32m+[0m[0m onpremises_sync_enabled        = (known after apply)
      [32m+[0m[0m onpremises_user_principal_name = (known after apply)
      [32m+[0m[0m password                       = (sensitive value)
      [32m+[0m[0m proxy_addresses                = (known after apply)
      [32m+[0m[0m show_in_address_list           = true
      [32m+[0m[0m user_principal_name            = "apprenant06@mokhtarsellamigmail.onmicrosoft.com"
      [32m+[0m[0m user_type                      = (known after apply)
    }

[1m  # azuread_user.learners["APP07"][0m will be created
[0m  [32m+[0m[0m resource "azuread_user" "learners" {
      [32m+[0m[0m about_me                       = (known after apply)
      [32m+[0m[0m account_enabled                = true
      [32m+[0m[0m business_phones                = (known after apply)
      [32m+[0m[0m creation_type                  = (known after apply)
      [32m+[0m[0m disable_password_expiration    = false
      [32m+[0m[0m disable_strong_password        = false
      [32m+[0m[0m display_name                   = "Apprenant 07"
      [32m+[0m[0m external_user_state            = (known after apply)
      [32m+[0m[0m force_password_change          = false
      [32m+[0m[0m id                             = (known after apply)
      [32m+[0m[0m im_addresses                   = (known after apply)
      [32m+[0m[0m mail                           = (known after apply)
      [32m+[0m[0m mail_nickname                  = (known after apply)
      [32m+[0m[0m object_id                      = (known after apply)
      [32m+[0m[0m onpremises_distinguished_name  = (known after apply)
      [32m+[0m[0m onpremises_domain_name         = (known after apply)
      [32m+[0m[0m onpremises_immutable_id        = (known after apply)
      [32m+[0m[0m onpremises_sam_account_name    = (known after apply)
      [32m+[0m[0m onpremises_security_identifier = (known after apply)
      [32m+[0m[0m onpremises_sync_enabled        = (known after apply)
      [32m+[0m[0m onpremises_user_principal_name = (known after apply)
      [32m+[0m[0m password                       = (sensitive value)
      [32m+[0m[0m proxy_addresses                = (known after apply)
      [32m+[0m[0m show_in_address_list           = true
      [32m+[0m[0m user_principal_name            = "apprenant07@mokhtarsellamigmail.onmicrosoft.com"
      [32m+[0m[0m user_type                      = (known after apply)
    }

[1m  # azuread_user.learners["APP08"][0m will be created
[0m  [32m+[0m[0m resource "azuread_user" "learners" {
      [32m+[0m[0m about_me                       = (known after apply)
      [32m+[0m[0m account_enabled                = true
      [32m+[0m[0m business_phones                = (known after apply)
      [32m+[0m[0m creation_type                  = (known after apply)
      [32m+[0m[0m disable_password_expiration    = false
      [32m+[0m[0m disable_strong_password        = false
      [32m+[0m[0m display_name                   = "Apprenant 08"
      [32m+[0m[0m external_user_state            = (known after apply)
      [32m+[0m[0m force_password_change          = false
      [32m+[0m[0m id                             = (known after apply)
      [32m+[0m[0m im_addresses                   = (known after apply)
      [32m+[0m[0m mail                           = (known after apply)
      [32m+[0m[0m mail_nickname                  = (known after apply)
      [32m+[0m[0m object_id                      = (known after apply)
      [32m+[0m[0m onpremises_distinguished_name  = (known after apply)
      [32m+[0m[0m onpremises_domain_name         = (known after apply)
      [32m+[0m[0m onpremises_immutable_id        = (known after apply)
      [32m+[0m[0m onpremises_sam_account_name    = (known after apply)
      [32m+[0m[0m onpremises_security_identifier = (known after apply)
      [32m+[0m[0m onpremises_sync_enabled        = (known after apply)
      [32m+[0m[0m onpremises_user_principal_name = (known after apply)
      [32m+[0m[0m password                       = (sensitive value)
      [32m+[0m[0m proxy_addresses                = (known after apply)
      [32m+[0m[0m show_in_address_list           = true
      [32m+[0m[0m user_principal_name            = "apprenant08@mokhtarsellamigmail.onmicrosoft.com"
      [32m+[0m[0m user_type                      = (known after apply)
    }

[1m  # azuread_user.learners["APP09"][0m will be created
[0m  [32m+[0m[0m resource "azuread_user" "learners" {
      [32m+[0m[0m about_me                       = (known after apply)
      [32m+[0m[0m account_enabled                = true
      [32m+[0m[0m business_phones                = (known after apply)
      [32m+[0m[0m creation_type                  = (known after apply)
      [32m+[0m[0m disable_password_expiration    = false
      [32m+[0m[0m disable_strong_password        = false
      [32m+[0m[0m display_name                   = "Apprenant 09"
      [32m+[0m[0m external_user_state            = (known after apply)
      [32m+[0m[0m force_password_change          = false
      [32m+[0m[0m id                             = (known after apply)
      [32m+[0m[0m im_addresses                   = (known after apply)
      [32m+[0m[0m mail                           = (known after apply)
      [32m+[0m[0m mail_nickname                  = (known after apply)
      [32m+[0m[0m object_id                      = (known after apply)
      [32m+[0m[0m onpremises_distinguished_name  = (known after apply)
      [32m+[0m[0m onpremises_domain_name         = (known after apply)
      [32m+[0m[0m onpremises_immutable_id        = (known after apply)
      [32m+[0m[0m onpremises_sam_account_name    = (known after apply)
      [32m+[0m[0m onpremises_security_identifier = (known after apply)
      [32m+[0m[0m onpremises_sync_enabled        = (known after apply)
      [32m+[0m[0m onpremises_user_principal_name = (known after apply)
      [32m+[0m[0m password                       = (sensitive value)
      [32m+[0m[0m proxy_addresses                = (known after apply)
      [32m+[0m[0m show_in_address_list           = true
      [32m+[0m[0m user_principal_name            = "apprenant09@mokhtarsellamigmail.onmicrosoft.com"
      [32m+[0m[0m user_type                      = (known after apply)
    }

[1m  # azuread_user.learners["APP10"][0m will be created
[0m  [32m+[0m[0m resource "azuread_user" "learners" {
      [32m+[0m[0m about_me                       = (known after apply)
      [32m+[0m[0m account_enabled                = true
      [32m+[0m[0m business_phones                = (known after apply)
      [32m+[0m[0m creation_type                  = (known after apply)
      [32m+[0m[0m disable_password_expiration    = false
      [32m+[0m[0m disable_strong_password        = false
      [32m+[0m[0m display_name                   = "Apprenant 10"
      [32m+[0m[0m external_user_state            = (known after apply)
      [32m+[0m[0m force_password_change          = false
      [32m+[0m[0m id                             = (known after apply)
      [32m+[0m[0m im_addresses                   = (known after apply)
      [32m+[0m[0m mail                           = (known after apply)
      [32m+[0m[0m mail_nickname                  = (known after apply)
      [32m+[0m[0m object_id                      = (known after apply)
      [32m+[0m[0m onpremises_distinguished_name  = (known after apply)
      [32m+[0m[0m onpremises_domain_name         = (known after apply)
      [32m+[0m[0m onpremises_immutable_id        = (known after apply)
      [32m+[0m[0m onpremises_sam_account_name    = (known after apply)
      [32m+[0m[0m onpremises_security_identifier = (known after apply)
      [32m+[0m[0m onpremises_sync_enabled        = (known after apply)
      [32m+[0m[0m onpremises_user_principal_name = (known after apply)
      [32m+[0m[0m password                       = (sensitive value)
      [32m+[0m[0m proxy_addresses                = (known after apply)
      [32m+[0m[0m show_in_address_list           = true
      [32m+[0m[0m user_principal_name            = "apprenant10@mokhtarsellamigmail.onmicrosoft.com"
      [32m+[0m[0m user_type                      = (known after apply)
    }

[1m  # azuread_user.learners["APP11"][0m will be created
[0m  [32m+[0m[0m resource "azuread_user" "learners" {
      [32m+[0m[0m about_me                       = (known after apply)
      [32m+[0m[0m account_enabled                = true
      [32m+[0m[0m business_phones                = (known after apply)
      [32m+[0m[0m creation_type                  = (known after apply)
      [32m+[0m[0m disable_password_expiration    = false
      [32m+[0m[0m disable_strong_password        = false
      [32m+[0m[0m display_name                   = "Apprenant 11"
      [32m+[0m[0m external_user_state            = (known after apply)
      [32m+[0m[0m force_password_change          = false
      [32m+[0m[0m id                             = (known after apply)
      [32m+[0m[0m im_addresses                   = (known after apply)
      [32m+[0m[0m mail                           = (known after apply)
      [32m+[0m[0m mail_nickname                  = (known after apply)
      [32m+[0m[0m object_id                      = (known after apply)
      [32m+[0m[0m onpremises_distinguished_name  = (known after apply)
      [32m+[0m[0m onpremises_domain_name         = (known after apply)
      [32m+[0m[0m onpremises_immutable_id        = (known after apply)
      [32m+[0m[0m onpremises_sam_account_name    = (known after apply)
      [32m+[0m[0m onpremises_security_identifier = (known after apply)
      [32m+[0m[0m onpremises_sync_enabled        = (known after apply)
      [32m+[0m[0m onpremises_user_principal_name = (known after apply)
      [32m+[0m[0m password                       = (sensitive value)
      [32m+[0m[0m proxy_addresses                = (known after apply)
      [32m+[0m[0m show_in_address_list           = true
      [32m+[0m[0m user_principal_name            = "apprenant11@mokhtarsellamigmail.onmicrosoft.com"
      [32m+[0m[0m user_type                      = (known after apply)
    }

[1m  # azuread_user.learners["APP12"][0m will be created
[0m  [32m+[0m[0m resource "azuread_user" "learners" {
      [32m+[0m[0m about_me                       = (known after apply)
      [32m+[0m[0m account_enabled                = true
      [32m+[0m[0m business_phones                = (known after apply)
      [32m+[0m[0m creation_type                  = (known after apply)
      [32m+[0m[0m disable_password_expiration    = false
      [32m+[0m[0m disable_strong_password        = false
      [32m+[0m[0m display_name                   = "Apprenant 12"
      [32m+[0m[0m external_user_state            = (known after apply)
      [32m+[0m[0m force_password_change          = false
      [32m+[0m[0m id                             = (known after apply)
      [32m+[0m[0m im_addresses                   = (known after apply)
      [32m+[0m[0m mail                           = (known after apply)
      [32m+[0m[0m mail_nickname                  = (known after apply)
      [32m+[0m[0m object_id                      = (known after apply)
      [32m+[0m[0m onpremises_distinguished_name  = (known after apply)
      [32m+[0m[0m onpremises_domain_name         = (known after apply)
      [32m+[0m[0m onpremises_immutable_id        = (known after apply)
      [32m+[0m[0m onpremises_sam_account_name    = (known after apply)
      [32m+[0m[0m onpremises_security_identifier = (known after apply)
      [32m+[0m[0m onpremises_sync_enabled        = (known after apply)
      [32m+[0m[0m onpremises_user_principal_name = (known after apply)
      [32m+[0m[0m password                       = (sensitive value)
      [32m+[0m[0m proxy_addresses                = (known after apply)
      [32m+[0m[0m show_in_address_list           = true
      [32m+[0m[0m user_principal_name            = "apprenant12@mokhtarsellamigmail.onmicrosoft.com"
      [32m+[0m[0m user_type                      = (known after apply)
    }

[1m  # azurerm_role_assignment.learner_group[0][0m will be created
[0m  [32m+[0m[0m resource "azurerm_role_assignment" "learner_group" {
      [32m+[0m[0m condition_version                = (known after apply)
      [32m+[0m[0m id                               = (known after apply)
      [32m+[0m[0m name                             = (known after apply)
      [32m+[0m[0m principal_id                     = (known after apply)
      [32m+[0m[0m principal_type                   = (known after apply)
      [32m+[0m[0m role_definition_id               = (known after apply)
      [32m+[0m[0m role_definition_name             = "Reader"
      [32m+[0m[0m scope                            = "/subscriptions/8c42d5b2-ab70-4051-ab0e-a96877557f6a"
      [32m+[0m[0m skip_service_principal_aad_check = (known after apply)
    }

[1mPlan:[0m [0m14 to add, 0 to change, 0 to destroy.

Changes to Outputs:
  [32m+[0m[0m group_name         = "Data2AI-Learners"
  [32m+[0m[0m group_object_id    = (known after apply)
  [32m+[0m[0m learner_count      = 12
  [32m+[0m[0m learner_object_ids = {
      [32m+[0m[0m APP01 = (known after apply)
      [32m+[0m[0m APP02 = (known after apply)
      [32m+[0m[0m APP03 = (known after apply)
      [32m+[0m[0m APP04 = (known after apply)
      [32m+[0m[0m APP05 = (known after apply)
      [32m+[0m[0m APP06 = (known after apply)
      [32m+[0m[0m APP07 = (known after apply)
      [32m+[0m[0m APP08 = (known after apply)
      [32m+[0m[0m APP09 = (known after apply)
      [32m+[0m[0m APP10 = (known after apply)
      [32m+[0m[0m APP11 = (known after apply)
      [32m+[0m[0m APP12 = (known after apply)
    }
  [32m+[0m[0m learner_upns       = {
      [32m+[0m[0m APP01 = "apprenant01@mokhtarsellamigmail.onmicrosoft.com"
      [32m+[0m[0m APP02 = "apprenant02@mokhtarsellamigmail.onmicrosoft.com"
      [32m+[0m[0m APP03 = "apprenant03@mokhtarsellamigmail.onmicrosoft.com"
      [32m+[0m[0m APP04 = "apprenant04@mokhtarsellamigmail.onmicrosoft.com"
      [32m+[0m[0m APP05 = "apprenant05@mokhtarsellamigmail.onmicrosoft.com"
      [32m+[0m[0m APP06 = "apprenant06@mokhtarsellamigmail.onmicrosoft.com"
      [32m+[0m[0m APP07 = "apprenant07@mokhtarsellamigmail.onmicrosoft.com"
      [32m+[0m[0m APP08 = "apprenant08@mokhtarsellamigmail.onmicrosoft.com"
      [32m+[0m[0m APP09 = "apprenant09@mokhtarsellamigmail.onmicrosoft.com"
      [32m+[0m[0m APP10 = "apprenant10@mokhtarsellamigmail.onmicrosoft.com"
      [32m+[0m[0m APP11 = "apprenant11@mokhtarsellamigmail.onmicrosoft.com"
      [32m+[0m[0m APP12 = "apprenant12@mokhtarsellamigmail.onmicrosoft.com"
    }
[0m[1mazuread_user.learners["APP12"]: Creating...[0m[0m
[0m[1mazuread_user.learners["APP05"]: Creating...[0m[0m
[0m[1mazuread_user.learners["APP08"]: Creating...[0m[0m
[0m[1mazuread_user.learners["APP07"]: Creating...[0m[0m
[0m[1mazuread_user.learners["APP09"]: Creating...[0m[0m
[0m[1mazuread_user.learners["APP04"]: Creating...[0m[0m
[0m[1mazuread_user.learners["APP06"]: Creating...[0m[0m
[0m[1mazuread_user.learners["APP01"]: Creating...[0m[0m
[0m[1mazuread_user.learners["APP03"]: Creating...[0m[0m
[0m[1mazuread_user.learners["APP02"]: Creating...[0m[0m
[0m[1mazuread_user.learners["APP11"]: Creating...[0m[0m
[0m[1mazuread_user.learners["APP10"]: Creating...[0m[0m
[0m[1mazuread_user.learners["APP12"]: Still creating... [00m10s elapsed][0m[0m
[0m[1mazuread_user.learners["APP11"]: Still creating... [00m10s elapsed][0m[0m
[0m[1mazuread_user.learners["APP12"]: Still creating... [00m20s elapsed][0m[0m
[0m[1mazuread_user.learners["APP11"]: Still creating... [00m20s elapsed][0m[0m
[0m[1mazuread_user.learners["APP12"]: Creation complete after 27s [id=/users/4a088280-0f29-4820-87aa-e9cfd5f86863][0m
[0m[1mazuread_user.learners["APP11"]: Creation complete after 26s [id=/users/840bcdda-37bd-4e63-97df-6015dea0b3b7][0m
terraform : [31mΓò╖[0m[0m
At line:2 char:1
+ terraform apply -auto-approve 2>&1 | Out-File apply.log -Encoding utf ...
+ ~~~~~~~~~~~~~~~~~~~~~~~~~~~~~~~~~~
    + CategoryInfo          : NotSpecified: ([31mΓò╖[0m[0m:String) [], RemoteException
    + FullyQualifiedErrorId : NativeCommandError
 
[31mΓöé[0m [0m[1m[31mError: [0m[0m[1mCreating user "apprenant05@mokhtarsellamigmail.onmicrosoft.com"[0m
[31mΓöé[0m [0m
[31mΓöé[0m [0m[0m  with azuread_user.learners["APP05"],
[31mΓöé[0m [0m  on main.tf line 39, in resource "azuread_user" "learners":
[31mΓöé[0m [0m  39: resource "azuread_user" "learners" [4m{[0m[0m
[31mΓöé[0m [0m
[31mΓöé[0m [0munexpected status 400 (400 Bad Request) with error: Request_BadRequest:
[31mΓöé[0m [0mAnother object with the same value for property userPrincipalName already
[31mΓöé[0m [0mexists.
[31mΓò╡[0m[0m
[31mΓò╖[0m[0m
[31mΓöé[0m [0m[1m[31mError: [0m[0m[1mCreating user "apprenant06@mokhtarsellamigmail.onmicrosoft.com"[0m
[31mΓöé[0m [0m
[31mΓöé[0m [0m[0m  with azuread_user.learners["APP06"],
[31mΓöé[0m [0m  on main.tf line 39, in resource "azuread_user" "learners":
[31mΓöé[0m [0m  39: resource "azuread_user" "learners" [4m{[0m[0m
[31mΓöé[0m [0m
[31mΓöé[0m [0munexpected status 400 (400 Bad Request) with error: Request_BadRequest:
[31mΓöé[0m [0mAnother object with the same value for property userPrincipalName already
[31mΓöé[0m [0mexists.
[31mΓò╡[0m[0m
[31mΓò╖[0m[0m
[31mΓöé[0m [0m[1m[31mError: [0m[0m[1mCreating user "apprenant03@mokhtarsellamigmail.onmicrosoft.com"[0m
[31mΓöé[0m [0m
[31mΓöé[0m [0m[0m  with azuread_user.learners["APP03"],
[31mΓöé[0m [0m  on main.tf line 39, in resource "azuread_user" "learners":
[31mΓöé[0m [0m  39: resource "azuread_user" "learners" [4m{[0m[0m
[31mΓöé[0m [0m
[31mΓöé[0m [0munexpected status 400 (400 Bad Request) with error: Request_BadRequest:
[31mΓöé[0m [0mAnother object with the same value for property userPrincipalName already
[31mΓöé[0m [0mexists.
[31mΓò╡[0m[0m
[31mΓò╖[0m[0m
[31mΓöé[0m [0m[1m[31mError: [0m[0m[1mCreating user "apprenant09@mokhtarsellamigmail.onmicrosoft.com"[0m
[31mΓöé[0m [0m
[31mΓöé[0m [0m[0m  with azuread_user.learners["APP09"],
[31mΓöé[0m [0m  on main.tf line 39, in resource "azuread_user" "learners":
[31mΓöé[0m [0m  39: resource "azuread_user" "learners" [4m{[0m[0m
[31mΓöé[0m [0m
[31mΓöé[0m [0munexpected status 400 (400 Bad Request) with error: Request_BadRequest:
[31mΓöé[0m [0mAnother object with the same value for property userPrincipalName already
[31mΓöé[0m [0mexists.
[31mΓò╡[0m[0m
[31mΓò╖[0m[0m
[31mΓöé[0m [0m[1m[31mError: [0m[0m[1mCreating user "apprenant04@mokhtarsellamigmail.onmicrosoft.com"[0m
[31mΓöé[0m [0m
[31mΓöé[0m [0m[0m  with azuread_user.learners["APP04"],
[31mΓöé[0m [0m  on main.tf line 39, in resource "azuread_user" "learners":
[31mΓöé[0m [0m  39: resource "azuread_user" "learners" [4m{[0m[0m
[31mΓöé[0m [0m
[31mΓöé[0m [0munexpected status 400 (400 Bad Request) with error: Request_BadRequest:
[31mΓöé[0m [0mAnother object with the same value for property userPrincipalName already
[31mΓöé[0m [0mexists.
[31mΓò╡[0m[0m
[31mΓò╖[0m[0m
[31mΓöé[0m [0m[1m[31mError: [0m[0m[1mCreating user "apprenant10@mokhtarsellamigmail.onmicrosoft.com"[0m
[31mΓöé[0m [0m
[31mΓöé[0m [0m[0m  with azuread_user.learners["APP10"],
[31mΓöé[0m [0m  on main.tf line 39, in resource "azuread_user" "learners":
[31mΓöé[0m [0m  39: resource "azuread_user" "learners" [4m{[0m[0m
[31mΓöé[0m [0m
[31mΓöé[0m [0munexpected status 400 (400 Bad Request) with error: Request_BadRequest:
[31mΓöé[0m [0mAnother object with the same value for property userPrincipalName already
[31mΓöé[0m [0mexists.
[31mΓò╡[0m[0m
[31mΓò╖[0m[0m
[31mΓöé[0m [0m[1m[31mError: [0m[0m[1mCreating user "apprenant08@mokhtarsellamigmail.onmicrosoft.com"[0m
[31mΓöé[0m [0m
[31mΓöé[0m [0m[0m  with azuread_user.learners["APP08"],
[31mΓöé[0m [0m  on main.tf line 39, in resource "azuread_user" "learners":
[31mΓöé[0m [0m  39: resource "azuread_user" "learners" [4m{[0m[0m
[31mΓöé[0m [0m
[31mΓöé[0m [0munexpected status 400 (400 Bad Request) with error: Request_BadRequest:
[31mΓöé[0m [0mAnother object with the same value for property userPrincipalName already
[31mΓöé[0m [0mexists.
[31mΓò╡[0m[0m
[31mΓò╖[0m[0m
[31mΓöé[0m [0m[1m[31mError: [0m[0m[1mCreating user "apprenant01@mokhtarsellamigmail.onmicrosoft.com"[0m
[31mΓöé[0m [0m
[31mΓöé[0m [0m[0m  with azuread_user.learners["APP01"],
[31mΓöé[0m [0m  on main.tf line 39, in resource "azuread_user" "learners":
[31mΓöé[0m [0m  39: resource "azuread_user" "learners" [4m{[0m[0m
[31mΓöé[0m [0m
[31mΓöé[0m [0munexpected status 400 (400 Bad Request) with error: Request_BadRequest:
[31mΓöé[0m [0mAnother object with the same value for property userPrincipalName already
[31mΓöé[0m [0mexists.
[31mΓò╡[0m[0m
[31mΓò╖[0m[0m
[31mΓöé[0m [0m[1m[31mError: [0m[0m[1mCreating user "apprenant07@mokhtarsellamigmail.onmicrosoft.com"[0m
[31mΓöé[0m [0m
[31mΓöé[0m [0m[0m  with azuread_user.learners["APP07"],
[31mΓöé[0m [0m  on main.tf line 39, in resource "azuread_user" "learners":
[31mΓöé[0m [0m  39: resource "azuread_user" "learners" [4m{[0m[0m
[31mΓöé[0m [0m
[31mΓöé[0m [0munexpected status 400 (400 Bad Request) with error: Request_BadRequest:
[31mΓöé[0m [0mAnother object with the same value for property userPrincipalName already
[31mΓöé[0m [0mexists.
[31mΓò╡[0m[0m
[31mΓò╖[0m[0m
[31mΓöé[0m [0m[1m[31mError: [0m[0m[1mCreating user "apprenant02@mokhtarsellamigmail.onmicrosoft.com"[0m
[31mΓöé[0m [0m
[31mΓöé[0m [0m[0m  with azuread_user.learners["APP02"],
[31mΓöé[0m [0m  on main.tf line 39, in resource "azuread_user" "learners":
[31mΓöé[0m [0m  39: resource "azuread_user" "learners" [4m{[0m[0m
[31mΓöé[0m [0m
[31mΓöé[0m [0munexpected status 400 (400 Bad Request) with error: Request_BadRequest:
[31mΓöé[0m [0mAnother object with the same value for property userPrincipalName already
[31mΓöé[0m [0mexists.
[31mΓò╡[0m[0m
