
Terraform used the selected providers to generate the following execution
plan. Resource actions are indicated with the following symbols:
  [32m+[0m create[0m
 [36m<=[0m read (data resources)[0m

Terraform will perform the following actions:

[1m  # data.azuredevops_group.contributors[0m will be read during apply
  # (config refers to values not yet known)
[0m [36m<=[0m[0m data "azuredevops_group" "contributors" {
      [32m+[0m[0m descriptor = (known after apply)
      [32m+[0m[0m group_id   = (known after apply)
      [32m+[0m[0m id         = (known after apply)
      [32m+[0m[0m name       = "Contributors"
      [32m+[0m[0m origin     = (known after apply)
      [32m+[0m[0m origin_id  = (known after apply)
      [32m+[0m[0m project_id = (known after apply)
    }

[1m  # azuredevops_group_membership.learners[0m will be created
[0m  [32m+[0m[0m resource "azuredevops_group_membership" "learners" {
      [32m+[0m[0m group   = (known after apply)
      [32m+[0m[0m id      = (known after apply)
      [32m+[0m[0m members = (known after apply)
      [32m+[0m[0m mode    = "add"
    }

[1m  # azuredevops_project.training[0m will be created
[0m  [32m+[0m[0m resource "azuredevops_project" "training" {
      [32m+[0m[0m description         = "Formation Terraform & Snowflake ΓÇö Data2AI Academy"
      [32m+[0m[0m id                  = (known after apply)
      [32m+[0m[0m name                = "terraform-snowflake"
      [32m+[0m[0m process_template_id = (known after apply)
      [32m+[0m[0m version_control     = "Git"
      [32m+[0m[0m visibility          = "private"
      [32m+[0m[0m work_item_template  = "Agile"
    }

[1m  # azuredevops_serviceendpoint_azurerm.kv[0m will be created
[0m  [32m+[0m[0m resource "azuredevops_serviceendpoint_azurerm" "kv" {
      [32m+[0m[0m authorization                          = (known after apply)
      [32m+[0m[0m azurerm_spn_tenantid                   = "55fca982-2372-4352-8b7e-c28ac00ae8e3"
      [32m+[0m[0m azurerm_subscription_id                = "8c42d5b2-ab70-4051-ab0e-a96877557f6a"
      [32m+[0m[0m azurerm_subscription_name              = "Azure subscription 1"
      [32m+[0m[0m description                            = "Service connection for Key Vault variable group"
      [32m+[0m[0m environment                            = "AzureCloud"
      [32m+[0m[0m id                                     = (known after apply)
      [32m+[0m[0m project_id                             = (known after apply)
      [32m+[0m[0m server_url                             = (known after apply)
      [32m+[0m[0m service_endpoint_authentication_scheme = "WorkloadIdentityFederation"
      [32m+[0m[0m service_endpoint_name                  = "AzureKeyVault-Connection"
      [32m+[0m[0m service_principal_id                   = (known after apply)
      [32m+[0m[0m workload_identity_federation_issuer    = (known after apply)
      [32m+[0m[0m workload_identity_federation_subject   = (known after apply)
    }

[1m  # azuredevops_user_entitlement.learners["apprenant01@mokhtarsellamigmail.onmicrosoft.com"][0m will be created
[0m  [32m+[0m[0m resource "azuredevops_user_entitlement" "learners" {
      [32m+[0m[0m account_license_type = "express"
      [32m+[0m[0m descriptor           = (known after apply)
      [32m+[0m[0m id                   = (known after apply)
      [32m+[0m[0m licensing_source     = "account"
      [32m+[0m[0m origin               = (known after apply)
      [32m+[0m[0m origin_id            = (known after apply)
      [32m+[0m[0m principal_name       = "apprenant01@mokhtarsellamigmail.onmicrosoft.com"
    }

[1m  # azuredevops_user_entitlement.learners["apprenant02@mokhtarsellamigmail.onmicrosoft.com"][0m will be created
[0m  [32m+[0m[0m resource "azuredevops_user_entitlement" "learners" {
      [32m+[0m[0m account_license_type = "express"
      [32m+[0m[0m descriptor           = (known after apply)
      [32m+[0m[0m id                   = (known after apply)
      [32m+[0m[0m licensing_source     = "account"
      [32m+[0m[0m origin               = (known after apply)
      [32m+[0m[0m origin_id            = (known after apply)
      [32m+[0m[0m principal_name       = "apprenant02@mokhtarsellamigmail.onmicrosoft.com"
    }

[1m  # azuredevops_user_entitlement.learners["apprenant03@mokhtarsellamigmail.onmicrosoft.com"][0m will be created
[0m  [32m+[0m[0m resource "azuredevops_user_entitlement" "learners" {
      [32m+[0m[0m account_license_type = "express"
      [32m+[0m[0m descriptor           = (known after apply)
      [32m+[0m[0m id                   = (known after apply)
      [32m+[0m[0m licensing_source     = "account"
      [32m+[0m[0m origin               = (known after apply)
      [32m+[0m[0m origin_id            = (known after apply)
      [32m+[0m[0m principal_name       = "apprenant03@mokhtarsellamigmail.onmicrosoft.com"
    }

[1m  # azuredevops_user_entitlement.learners["apprenant04@mokhtarsellamigmail.onmicrosoft.com"][0m will be created
[0m  [32m+[0m[0m resource "azuredevops_user_entitlement" "learners" {
      [32m+[0m[0m account_license_type = "express"
      [32m+[0m[0m descriptor           = (known after apply)
      [32m+[0m[0m id                   = (known after apply)
      [32m+[0m[0m licensing_source     = "account"
      [32m+[0m[0m origin               = (known after apply)
      [32m+[0m[0m origin_id            = (known after apply)
      [32m+[0m[0m principal_name       = "apprenant04@mokhtarsellamigmail.onmicrosoft.com"
    }

[1m  # azuredevops_user_entitlement.learners["apprenant05@mokhtarsellamigmail.onmicrosoft.com"][0m will be created
[0m  [32m+[0m[0m resource "azuredevops_user_entitlement" "learners" {
      [32m+[0m[0m account_license_type = "express"
      [32m+[0m[0m descriptor           = (known after apply)
      [32m+[0m[0m id                   = (known after apply)
      [32m+[0m[0m licensing_source     = "account"
      [32m+[0m[0m origin               = (known after apply)
      [32m+[0m[0m origin_id            = (known after apply)
      [32m+[0m[0m principal_name       = "apprenant05@mokhtarsellamigmail.onmicrosoft.com"
    }

[1m  # azuredevops_user_entitlement.learners["apprenant06@mokhtarsellamigmail.onmicrosoft.com"][0m will be created
[0m  [32m+[0m[0m resource "azuredevops_user_entitlement" "learners" {
      [32m+[0m[0m account_license_type = "express"
      [32m+[0m[0m descriptor           = (known after apply)
      [32m+[0m[0m id                   = (known after apply)
      [32m+[0m[0m licensing_source     = "account"
      [32m+[0m[0m origin               = (known after apply)
      [32m+[0m[0m origin_id            = (known after apply)
      [32m+[0m[0m principal_name       = "apprenant06@mokhtarsellamigmail.onmicrosoft.com"
    }

[1m  # azuredevops_user_entitlement.learners["apprenant07@mokhtarsellamigmail.onmicrosoft.com"][0m will be created
[0m  [32m+[0m[0m resource "azuredevops_user_entitlement" "learners" {
      [32m+[0m[0m account_license_type = "express"
      [32m+[0m[0m descriptor           = (known after apply)
      [32m+[0m[0m id                   = (known after apply)
      [32m+[0m[0m licensing_source     = "account"
      [32m+[0m[0m origin               = (known after apply)
      [32m+[0m[0m origin_id            = (known after apply)
      [32m+[0m[0m principal_name       = "apprenant07@mokhtarsellamigmail.onmicrosoft.com"
    }

[1m  # azuredevops_user_entitlement.learners["apprenant08@mokhtarsellamigmail.onmicrosoft.com"][0m will be created
[0m  [32m+[0m[0m resource "azuredevops_user_entitlement" "learners" {
      [32m+[0m[0m account_license_type = "express"
      [32m+[0m[0m descriptor           = (known after apply)
      [32m+[0m[0m id                   = (known after apply)
      [32m+[0m[0m licensing_source     = "account"
      [32m+[0m[0m origin               = (known after apply)
      [32m+[0m[0m origin_id            = (known after apply)
      [32m+[0m[0m principal_name       = "apprenant08@mokhtarsellamigmail.onmicrosoft.com"
    }

[1m  # azuredevops_user_entitlement.learners["apprenant09@mokhtarsellamigmail.onmicrosoft.com"][0m will be created
[0m  [32m+[0m[0m resource "azuredevops_user_entitlement" "learners" {
      [32m+[0m[0m account_license_type = "express"
      [32m+[0m[0m descriptor           = (known after apply)
      [32m+[0m[0m id                   = (known after apply)
      [32m+[0m[0m licensing_source     = "account"
      [32m+[0m[0m origin               = (known after apply)
      [32m+[0m[0m origin_id            = (known after apply)
      [32m+[0m[0m principal_name       = "apprenant09@mokhtarsellamigmail.onmicrosoft.com"
    }

[1m  # azuredevops_user_entitlement.learners["apprenant10@mokhtarsellamigmail.onmicrosoft.com"][0m will be created
[0m  [32m+[0m[0m resource "azuredevops_user_entitlement" "learners" {
      [32m+[0m[0m account_license_type = "express"
      [32m+[0m[0m descriptor           = (known after apply)
      [32m+[0m[0m id                   = (known after apply)
      [32m+[0m[0m licensing_source     = "account"
      [32m+[0m[0m origin               = (known after apply)
      [32m+[0m[0m origin_id            = (known after apply)
      [32m+[0m[0m principal_name       = "apprenant10@mokhtarsellamigmail.onmicrosoft.com"
    }

[1m  # azuredevops_user_entitlement.learners["apprenant11@mokhtarsellamigmail.onmicrosoft.com"][0m will be created
[0m  [32m+[0m[0m resource "azuredevops_user_entitlement" "learners" {
      [32m+[0m[0m account_license_type = "express"
      [32m+[0m[0m descriptor           = (known after apply)
      [32m+[0m[0m id                   = (known after apply)
      [32m+[0m[0m licensing_source     = "account"
      [32m+[0m[0m origin               = (known after apply)
      [32m+[0m[0m origin_id            = (known after apply)
      [32m+[0m[0m principal_name       = "apprenant11@mokhtarsellamigmail.onmicrosoft.com"
    }

[1m  # azuredevops_user_entitlement.learners["apprenant12@mokhtarsellamigmail.onmicrosoft.com"][0m will be created
[0m  [32m+[0m[0m resource "azuredevops_user_entitlement" "learners" {
      [32m+[0m[0m account_license_type = "express"
      [32m+[0m[0m descriptor           = (known after apply)
      [32m+[0m[0m id                   = (known after apply)
      [32m+[0m[0m licensing_source     = "account"
      [32m+[0m[0m origin               = (known after apply)
      [32m+[0m[0m origin_id            = (known after apply)
      [32m+[0m[0m principal_name       = "apprenant12@mokhtarsellamigmail.onmicrosoft.com"
    }

[1m  # azuredevops_variable_group.secrets[0m will be created
[0m  [32m+[0m[0m resource "azuredevops_variable_group" "secrets" {
      [32m+[0m[0m allow_access = true
      [32m+[0m[0m description  = "Secrets linked from Azure Key Vault (kvdata2aitfsecrets)"
      [32m+[0m[0m id           = (known after apply)
      [32m+[0m[0m name         = "data-platform-secrets"
      [32m+[0m[0m project_id   = (known after apply)

      [32m+[0m[0m key_vault {
          [32m+[0m[0m name                = "kvdata2aitfsecretsmsn"
          [32m+[0m[0m search_depth        = 20
          [32m+[0m[0m service_endpoint_id = (known after apply)
        }

      [32m+[0m[0m variable {
          # At least one attribute in this block is (or was) sensitive,
          # so its contents will not be displayed.
        }
      [32m+[0m[0m variable {
          # At least one attribute in this block is (or was) sensitive,
          # so its contents will not be displayed.
        }
    }

[1mPlan:[0m [0m16 to add, 0 to change, 0 to destroy.

Changes to Outputs:
  [32m+[0m[0m learner_entitlements = {
      [32m+[0m[0m "apprenant01@mokhtarsellamigmail.onmicrosoft.com" = (known after apply)
      [32m+[0m[0m "apprenant02@mokhtarsellamigmail.onmicrosoft.com" = (known after apply)
      [32m+[0m[0m "apprenant03@mokhtarsellamigmail.onmicrosoft.com" = (known after apply)
      [32m+[0m[0m "apprenant04@mokhtarsellamigmail.onmicrosoft.com" = (known after apply)
      [32m+[0m[0m "apprenant05@mokhtarsellamigmail.onmicrosoft.com" = (known after apply)
      [32m+[0m[0m "apprenant06@mokhtarsellamigmail.onmicrosoft.com" = (known after apply)
      [32m+[0m[0m "apprenant07@mokhtarsellamigmail.onmicrosoft.com" = (known after apply)
      [32m+[0m[0m "apprenant08@mokhtarsellamigmail.onmicrosoft.com" = (known after apply)
      [32m+[0m[0m "apprenant09@mokhtarsellamigmail.onmicrosoft.com" = (known after apply)
      [32m+[0m[0m "apprenant10@mokhtarsellamigmail.onmicrosoft.com" = (known after apply)
      [32m+[0m[0m "apprenant11@mokhtarsellamigmail.onmicrosoft.com" = (known after apply)
      [32m+[0m[0m "apprenant12@mokhtarsellamigmail.onmicrosoft.com" = (known after apply)
    }
  [32m+[0m[0m project_id           = (known after apply)
  [32m+[0m[0m project_name         = "terraform-snowflake"
  [32m+[0m[0m service_endpoint_id  = (known after apply)
  [32m+[0m[0m variable_group_id    = (known after apply)
  [32m+[0m[0m wif_issuer           = (known after apply)
  [32m+[0m[0m wif_subject          = (known after apply)
[90m
ΓöÇΓöÇΓöÇΓöÇΓöÇΓöÇΓöÇΓöÇΓöÇΓöÇΓöÇΓöÇΓöÇΓöÇΓöÇΓöÇΓöÇΓöÇΓöÇΓöÇΓöÇΓöÇΓöÇΓöÇΓöÇΓöÇΓöÇΓöÇΓöÇΓöÇΓöÇΓöÇΓöÇΓöÇΓöÇΓöÇΓöÇΓöÇΓöÇΓöÇΓöÇΓöÇΓöÇΓöÇΓöÇΓöÇΓöÇΓöÇΓöÇΓöÇΓöÇΓöÇΓöÇΓöÇΓöÇΓöÇΓöÇΓöÇΓöÇΓöÇΓöÇΓöÇΓöÇΓöÇΓöÇΓöÇΓöÇΓöÇΓöÇΓöÇΓöÇΓöÇΓöÇΓöÇΓöÇΓöÇΓöÇ[0m

Note: You didn't use the -out option to save this plan, so Terraform can't
guarantee to take exactly these actions if you run "terraform apply" now.
